// Jest Snapshot v1, https://goo.gl/fbAQLP

exports[`Icon Component logo icon renders correctly 1`] = `
<img
  src="icons/undefined.svg"
/>
`;

exports[`Icon Component renders correctly 1`] = `
<img
  src="icons/undefined.svg"
/>
`;

exports[`Icon Component sizes icon renders correctly 1`] = `
<img
  src="icons/undefined.svg"
/>
`;
